Microchip MPLAB XC8 Compiler V3.00

Linker command line:

-W-3 \
  --edf=C:\Program Files\Microchip\xc8\v3.00\pic\dat\20241204225717_en.msgs \
  -cn -h+dist/default/debug\lcd_i2c.X.debug.sym \
  --cmf=dist/default/debug\lcd_i2c.X.debug.cmf -z -Q16F877A \
  -oC:\Users\gduar\AppData\Local\Temp\xcAsdgs.\driver_tmp_3.o \
  --defsym=__MPLAB_BUILD=1 --fixupoverflow=error \
  -Mdist/default/debug/lcd_i2c.X.debug.map \
  --md=C:\Users\gduar\AppData\Local\Temp\xcAsdgs.\driver_tmp_0.dat -E1 \
  -ver=XC8 Compiler -ACODE=00h-07FFhx4 -ASTRCODE=00h-01FFFh \
  -ASTRING=00h-0FFhx32 -ACONST=00h-0FFhx32 -AENTRY=00h-0FFhx32 \
  -ACOMMON=070h-07Fh -ABANK0=020h-06Fh -ABANK1=0A0h-0EFh \
  -ABANK2=0110h-016Fh -ABANK3=0190h-01EFh \
  -ARAM=020h-06Fh,0A0h-0EFh,0110h-016Fh,0190h-01EFh \
  -AABS1=020h-07Fh,0A0h-0EFh,0110h-016Fh,0190h-01EFh -ASFR0=00h-01Fh \
  -ASFR1=080h-09Fh -ASFR2=0100h-010Fh -ASFR3=0180h-018Fh \
  -ACONFIG=02007h-02007h -DCONFIG=2 -AIDLOC=02000h-02003h -DIDLOC=2 \
  -AEEDATA=00h-0FFh/02100h -peeprom_data=EEDATA -DEEDATA=2 -DCODE=2 \
  -DSTRCODE=2 -DSTRING=2 -DCONST=2 -DENTRY=2 \
  -preset_vec=00h,intentry,sivt,init,end_init -ppowerup=CODE -pcinit=CODE \
  -pfunctab=ENTRY -k \
  C:\Users\gduar\AppData\Local\Temp\xcAsdgs.\driver_tmp_12.o \
  dist/default/debug\lcd_i2c.X.debug.o 

Object code version is 3.11

Machine type is 16F877A



                Name                               Link     Load   Length Selector   Space Scale
C:\Users\gduar\AppData\Local\Temp\xcAsdgs.\driver_tmp_12.o
                end_init                              0        0        3        0       0
                config                             2007     2007        1        0       4
dist/default/debug\lcd_i2c.X.debug.o
                cinit                               7FC      7FC        4      FF8       0
                config                             2007     2007        1        0       4
                text10                              582      582       12      B04       0
                text9                               5DD      5DD       20      BBA       0
                text8                               5A8      5A8       19      B50       0
                text7                               5FD      5FD       42      BFA       0
                text6                               63F      63F       5E      C7E       0
                text5                               56F      56F        9      ADE       0
                text4                               72D      72D       CF      E5A       0
                text3                               578      578        A      AF0       0
                text2                               5C1      5C1       1C      B82       0
                text1                               594      594       14      B28       0
                maintext                            69D      69D       90      D3A       0
                cstackBANK0                          20       20        3       20       1
                cstackCOMMON                         70       70        D       70       1
                strings                               3        3       1E        6       0

TOTAL           Name                               Link     Load   Length     Space
        CLASS   CODE           
                end_init                              0        0        3         0
                cinit                               7FC      7FC        4         0
                text10                              582      582       12         0
                text9                               5DD      5DD       20         0
                text8                               5A8      5A8       19         0
                text7                               5FD      5FD       42         0
                text6                               63F      63F       5E         0
                text5                               56F      56F        9         0
                text4                               72D      72D       CF         0
                text3                               578      578        A         0
                text2                               5C1      5C1       1C         0
                text1                               594      594       14         0
                maintext                            69D      69D       90         0

        CLASS   STRCODE        

        CLASS   STRING         
                strings                               3        3       1E         0

        CLASS   CONST          

        CLASS   ENTRY          

        CLASS   COMMON         
                cstackCOMMON                         70       70        D         1

        CLASS   BANK0          
                cstackBANK0                          20       20        3         1

        CLASS   BANK1          

        CLASS   BANK2          

        CLASS   BANK3          

        CLASS   RAM            

        CLASS   ABS1           
                abs_s1                               7E       7E        2         1

        CLASS   SFR0           

        CLASS   SFR1           

        CLASS   SFR2           

        CLASS   SFR3           

        CLASS   CONFIG         
                config                             2007     2007        1         4

        CLASS   IDLOC          

        CLASS   EEDATA         

        CLASS   HEAP           

        CLASS   STACK          



SEGMENTS        Name                           Load    Length   Top    Selector   Space  Class     Delta

                reset_vec                      000000  000003  000003         0       0  CODE        2
                strings                        000003  00001E  000021         6       0  STRING      2
                cstackBANK0                    000020  000003  000023        20       1  BANK0       1
                cstackCOMMON                   000070  00000D  00007D        70       1  COMMON      1
                text5                          00056F  000009  000578       ADE       0  CODE        2
                text3                          000578  00000A  000582       AF0       0  CODE        2
                text10                         000582  000012  000594       B04       0  CODE        2
                text1                          000594  000014  0005A8       B28       0  CODE        2
                text8                          0005A8  000019  0005C1       B50       0  CODE        2
                text2                          0005C1  00001C  0005DD       B82       0  CODE        2
                text9                          0005DD  000020  0005FD       BBA       0  CODE        2
                text7                          0005FD  000042  00063F       BFA       0  CODE        2
                text6                          00063F  00005E  00069D       C7E       0  CODE        2
                maintext                       00069D  000090  00072D       D3A       0  CODE        2
                text4                          00072D  0000CF  0007FC       E5A       0  CODE        2
                cinit                          0007FC  000004  000800       FF8       0  CODE        2


UNUSED ADDRESS RANGES

        Name                Unused          Largest block    Delta
        BANK0            0023-006F             4D           1
        BANK1            00A0-00EF             50           1
        BANK2            0110-016F             60           1
        BANK3            0190-01EF             60           1
        CODE             0021-056E            54E           2
                         0800-1FFF            800
        COMMON           007D-007D              1           1
        CONST            0021-056E            100           2
                         0800-1FFF            100
        EEDATA           2100-21FF            100           2
        ENTRY            0021-056E            100           2
                         0800-1FFF            100
        IDLOC            2000-2003              4           2
        RAM              0023-006F             4D           1
                         00A0-00EF             50
                         0110-016F             60
                         0190-01EF             60
        SFR0             0000-001F             20           1
        SFR1             0080-009F             20           1
        SFR2             0100-010F             10           1
        SFR3             0180-018F             10           1
        STRCODE          0021-056E            54E           2
                         0800-1FFF           1800
        STRING           0021-056E            100           2
                         0800-1FFF            100

                                  Symbol Table

I2C_Write@data           cstackCOMMON 0071
I2C_Write@i              cstackCOMMON 0072
LCD_Command@cmd          cstackCOMMON 0079
LCD_Data@data            cstackCOMMON 0079
LCD_Print@str            cstackCOMMON 007A
LCD_Send@data            cstackCOMMON 0078
LCD_Send@high_nibble     cstackCOMMON 0075
LCD_Send@low_nibble      cstackCOMMON 0076
LCD_Send@mode            cstackCOMMON 0073
LCD_Send@value           cstackCOMMON 0077
LCD_SetCursor@coluna     cstackCOMMON 007A
LCD_SetCursor@linha      cstackCOMMON 007B
LCD_SetCursor@posicao    cstackCOMMON 007C
_ADCON1                  (abs)        009F
_CMCON                   (abs)        009C
_I2C_Init                text10       0582
_I2C_Start               text9        05DD
_I2C_Stop                text8        05A8
_I2C_Write               text7        05FD
_LCD_Command             text5        056F
_LCD_Data                text3        0578
_LCD_Init                text4        072D
_LCD_Print               text2        05C1
_LCD_Send                text6        063F
_LCD_SetCursor           text1        0594
_PORTA                   (abs)        0005
_PORTB                   (abs)        0006
_PORTC                   (abs)        0007
_PORTD                   (abs)        0008
_RC3                     (abs)        003B
_RC4                     (abs)        003C
_TRISA                   (abs)        0085
_TRISA1                  (abs)        0429
_TRISA2                  (abs)        042A
_TRISB                   (abs)        0086
_TRISC                   (abs)        0087
_TRISD                   (abs)        0088
__H__absolute__          __absolute__ 0000
__Habs1                  abs1         0000
__Hbank0                 bank0        0000
__Hbank1                 bank1        0000
__Hbank2                 bank2        0000
__Hbank3                 bank3        0000
__Hcinit                 cinit        0800
__Hclrtext               clrtext      0000
__Hcode                  code         0000
__Hcommon                common       0000
__Hconfig                config       2008
__HcstackBANK0           cstackBANK0  0000
__HcstackCOMMON          cstackCOMMON 0000
__Heeprom_data           eeprom_data  0000
__Hend_init              end_init     0003
__Hfunctab               functab      0000
__Hheap                  heap         0000
__Hinit                  init         0000
__Hintentry              intentry     0000
__Hmaintext              maintext     0000
__Hpowerup               powerup      0000
__Hram                   ram          0000
__Hreset_vec             reset_vec    0000
__Hsfr0                  sfr0         0000
__Hsfr1                  sfr1         0000
__Hsfr2                  sfr2         0000
__Hsfr3                  sfr3         0000
__Hsivt                  sivt         0000
__Hspace_0               (abs)        0800
__Hspace_1               (abs)        007D
__Hspace_2               (abs)        0000
__Hspace_3               (abs)        0000
__Hspace_4               (abs)        400F
__Hstack                 stack        0000
__Hstrings               strings      0000
__Htext                  text         0000
__L__absolute__          __absolute__ 0000
__Labs1                  abs1         0000
__Lbank0                 bank0        0000
__Lbank1                 bank1        0000
__Lbank2                 bank2        0000
__Lbank3                 bank3        0000
__Lcinit                 cinit        07FC
__Lclrtext               clrtext      0000
__Lcode                  code         0000
__Lcommon                common       0000
__Lconfig                config       0000
__LcstackBANK0           cstackBANK0  0000
__LcstackCOMMON          cstackCOMMON 0000
__Leeprom_data           eeprom_data  0000
__Lend_init              end_init     0000
__Lfunctab               functab      0000
__Lheap                  heap         0000
__Linit                  init         0000
__Lintentry              intentry     0000
__Lmaintext              maintext     0000
__Lpowerup               powerup      0000
__Lram                   ram          0000
__Lreset_vec             reset_vec    0000
__Lsfr0                  sfr0         0000
__Lsfr1                  sfr1         0000
__Lsfr2                  sfr2         0000
__Lsfr3                  sfr3         0000
__Lsivt                  sivt         0000
__Lspace_0               (abs)        0000
__Lspace_1               (abs)        0000
__Lspace_2               (abs)        0000
__Lspace_3               (abs)        0000
__Lspace_4               (abs)        0000
__Lstack                 stack        0000
__Lstrings               strings      0000
__Ltext                  text         0000
__S0                     (abs)        0800
__S1                     (abs)        007D
__S3                     (abs)        0000
___heap_hi               (abs)        0000
___heap_lo               (abs)        0000
___int_sp                stack        0000
___int_stack_hi          stack        0000
___int_stack_lo          stack        0000
___latbits               (abs)        0002
___sp                    stack        0000
___stack_hi              stack        0000
___stack_lo              stack        0000
___stackhi               (abs)        0000
___stacklo               (abs)        0000
__end_of_I2C_Init        text10       0594
__end_of_I2C_Start       text9        05FD
__end_of_I2C_Stop        text8        05C1
__end_of_I2C_Write       text7        063F
__end_of_LCD_Command     text5        0578
__end_of_LCD_Data        text3        0582
__end_of_LCD_Init        text4        07FC
__end_of_LCD_Print       text2        05DD
__end_of_LCD_Send        text6        069D
__end_of_LCD_SetCursor   text1        05A8
__end_of__initialization cinit        07FC
__end_of__stringtab      strings      0009
__end_of_main            maintext     072D
__initialization         cinit        07FC
__pcstackBANK0           cstackBANK0  0020
__pcstackCOMMON          cstackCOMMON 0070
__pmaintext              maintext     069D
__pstrings               strings      0003
__ptext1                 text1        0594
__ptext10                text10       0582
__ptext2                 text2        05C1
__ptext3                 text3        0578
__ptext4                 text4        072D
__ptext5                 text5        056F
__ptext6                 text6        063F
__ptext7                 text7        05FD
__ptext8                 text8        05A8
__ptext9                 text9        05DD
__stringbase             strings      0008
__stringtab              strings      0003
_main                    maintext     069D
btemp                    (abs)        007E
end_of_initialization    cinit        07FC
intlevel0                functab      0000
intlevel1                functab      0000
intlevel2                functab      0000
intlevel3                functab      0000
intlevel4                functab      0000
intlevel5                functab      0000
reset_vec                reset_vec    0000
start                    init         0000
start_initialization     cinit        07FC
wtemp0                   (abs)        007E


MODULE INFORMATION

Module		Function		Class		Link	Load	Size
shared
		__stringtab    		STRING         	0003	0000	6
		__initialization		CODE           	07FC	0000	1

shared estimated size: 7

main.c
		_LCD_Init      		CODE           	072D	0000	207
		_LCD_Send      		CODE           	063F	0000	94
		_LCD_Command   		CODE           	056F	0000	9
		_LCD_Data      		CODE           	0578	0000	10
		_main          		CODE           	069D	0000	144
		_LCD_SetCursor 		CODE           	0594	0000	20
		_I2C_Write     		CODE           	05FD	0000	66
		_I2C_Stop      		CODE           	05A8	0000	25
		_I2C_Init      		CODE           	0582	0000	18
		_LCD_Print     		CODE           	05C1	0000	28
		_I2C_Start     		CODE           	05DD	0000	32

main.c estimated size: 653

