Microchip MPLAB XC8 Compiler V3.00

Linker command line:

-W-3 \
  --edf=C:/Users/gduar/.mchp_packs/Microchip/PIC16Fxxx_DFP/1.7.162/xc8\pic\dat\20250326211330_en.msgs \
  -cn -h+dist/default/production\pic_motorpasso_877a.X.production.sym \
  --cmf=dist/default/production\pic_motorpasso_877a.X.production.cmf -z \
  -Q16F877A -oC:\Users\gduar\AppData\Local\Temp\xcAseqk.\driver_tmp_3.o \
  --defsym=__MPLAB_BUILD=1 --fixupoverflow=error \
  -Mdist/default/production/pic_motorpasso_877a.X.production.map \
  --md=C:\Users\gduar\AppData\Local\Temp\xcAseqk.\driver_tmp_0.dat -E1 \
  -ver=XC8 Compiler -ACODE=00h-07FFhx4 -ASTRCODE=00h-01FFFh \
  -ASTRING=00h-0FFhx32 -ACONST=00h-0FFhx32 -AENTRY=00h-0FFhx32 \
  -ACOMMON=070h-07Fh -ABANK0=020h-06Fh -ABANK1=0A0h-0EFh \
  -ABANK2=0110h-016Fh -ABANK3=0190h-01EFh \
  -ARAM=020h-06Fh,0A0h-0EFh,0110h-016Fh,0190h-01EFh \
  -AABS1=020h-07Fh,0A0h-0EFh,0110h-016Fh,0190h-01EFh -ASFR0=00h-01Fh \
  -ASFR1=080h-09Fh -ASFR2=0100h-010Fh -ASFR3=0180h-018Fh \
  -ACONFIG=02007h-02007h -DCONFIG=2 -AIDLOC=02000h-02003h -DIDLOC=2 \
  -AEEDATA=00h-0FFh/02100h -peeprom_data=EEDATA -DEEDATA=2 -DCODE=2 \
  -DSTRCODE=2 -DSTRING=2 -DCONST=2 -DENTRY=2 \
  -preset_vec=00h,intentry=04h,sivt,init,end_init -ppowerup=CODE \
  -pcinit=CODE -pfunctab=ENTRY -k \
  C:\Users\gduar\AppData\Local\Temp\xcAseqk.\driver_tmp_12.o \
  dist/default/production\pic_motorpasso_877a.X.production.o 

Object code version is 3.11

Machine type is 16F877A



                Name                               Link     Load   Length Selector   Space Scale
C:\Users\gduar\AppData\Local\Temp\xcAseqk.\driver_tmp_12.o
                end_init                              E        E        3        8       0
                reset_vec                             0        0        3        0       0
                config                             2007     2007        1        0       4
dist/default/production\pic_motorpasso_877a.X.production.o
                cinit                                11       11        F        8       0
                intentry                              4        4        A        8       0
                config                             2007     2007        1        0       4
                text28                              CB4      CB4       51     1968       0
                text27                              B00      B00        2     1600       0
                text26                              B31      B31        C     1662       0
                text25                              BA3      BA3       1C     1746       0
                text24                              7C6      7C6       39        8       0
                text23                              B62      B62       15     16C4       0
                text22                              C75      C75       3F     18EA       0
                text21                              C38      C38       3D     1870       0
                text20                              B77      B77       16     16EE       0
                text19                              B02      B02        4     1604       0
                text18                              B3D      B3D        C     167A       0
                text17                              B8D      B8D       16     171A       0
                text16                              362      362      2F0        8       0
                text15                              E36      E36      1CA     1C6C       0
                text14                              BDF      BDF       29     17BE       0
                text13                               20       20      342        8       0
                text12                              D05      D05       8C     1A0A       0
                text11                              710      710       B6        8       0
                text10                              652      652       BE        8       0
                text9                               B55      B55        D     16AA       0
                text8                               B06      B06        7     160C       0
                text7                               B49      B49        C     1692       0
                text6                               BBF      BBF       20     177E       0
                text5                               B0D      B0D        7     161A       0
                text4                               B14      B14        7     1628       0
                text3                               B1B      B1B        7     1636       0
                text2                               B22      B22        7     1644       0
                text1                               C08      C08       30     1810       0
                maintext                            D91      D91       A5     1B22       0
                cstackBANK0                          20       20       50       20       1
                cstackCOMMON                         70       70        8       70       1
                cstackBANK1                          C0       C0       12       A0       1
                cstackBANK3                         190      190       20      190       1
                clrtext                             B29      B29        8     1652       0
                bssBANK1                             A0       A0       20       A0       1
                bssCOMMON                            78       78        2       70       1
                strings                             800      800       2C     1000       0

TOTAL           Name                               Link     Load   Length     Space
        CLASS   CODE           
                end_init                              E        E        3         0
                cinit                                11       11        F         0
                intentry                              4        4        A         0
                reset_vec                             0        0        3         0
                text28                              CB4      CB4       51         0
                text27                              B00      B00        2         0
                text26                              B31      B31        C         0
                text25                              BA3      BA3       1C         0
                text24                              7C6      7C6       39         0
                text23                              B62      B62       15         0
                text22                              C75      C75       3F         0
                text21                              C38      C38       3D         0
                text20                              B77      B77       16         0
                text19                              B02      B02        4         0
                text18                              B3D      B3D        C         0
                text17                              B8D      B8D       16         0
                text16                              362      362      2F0         0
                text15                              E36      E36      1CA         0
                text14                              BDF      BDF       29         0
                text13                               20       20      342         0
                text12                              D05      D05       8C         0
                text11                              710      710       B6         0
                text10                              652      652       BE         0
                text9                               B55      B55        D         0
                text8                               B06      B06        7         0
                text7                               B49      B49        C         0
                text6                               BBF      BBF       20         0
                text5                               B0D      B0D        7         0
                text4                               B14      B14        7         0
                text3                               B1B      B1B        7         0
                text2                               B22      B22        7         0
                text1                               C08      C08       30         0
                maintext                            D91      D91       A5         0
                clrtext                             B29      B29        8         0

        CLASS   STRCODE        

        CLASS   STRING         
                strings                             800      800       2C         0

        CLASS   CONST          

        CLASS   ENTRY          

        CLASS   COMMON         
                cstackCOMMON                         70       70        8         1
                bssCOMMON                            78       78        2         1

        CLASS   BANK0          
                cstackBANK0                          20       20       50         1

        CLASS   BANK1          
                cstackBANK1                          C0       C0       12         1
                bssBANK1                             A0       A0       20         1

        CLASS   BANK2          

        CLASS   BANK3          
                cstackBANK3                         190      190       20         1

        CLASS   RAM            

        CLASS   ABS1           
                abs_s1                               7E       7E        2         1

        CLASS   SFR0           

        CLASS   SFR1           

        CLASS   SFR2           

        CLASS   SFR3           

        CLASS   CONFIG         
                config                             2007     2007        1         4

        CLASS   IDLOC          

        CLASS   EEDATA         

        CLASS   HEAP           

        CLASS   STACK          



SEGMENTS        Name                           Load    Length   Top    Selector   Space  Class     Delta

                reset_vec                      000000  000003  000003         0       0  CODE        2
                intentry                       000004  0007FB  0007FF         8       0  CODE        2
                cstackBANK0                    000020  000050  000070        20       1  BANK0       1
                cstackCOMMON                   000070  00000A  00007A        70       1  COMMON      1
                bssBANK1                       0000A0  000032  0000D2        A0       1  BANK1       1
                cstackBANK3                    000190  000020  0001B0       190       1  BANK3       1
                strings                        000800  00002C  00082C      1000       0  STRING      2
                text27                         000B00  000002  000B02      1600       0  CODE        2
                text19                         000B02  000004  000B06      1604       0  CODE        2
                text8                          000B06  000007  000B0D      160C       0  CODE        2
                text5                          000B0D  000007  000B14      161A       0  CODE        2
                text4                          000B14  000007  000B1B      1628       0  CODE        2
                text3                          000B1B  000007  000B22      1636       0  CODE        2
                text2                          000B22  000007  000B29      1644       0  CODE        2
                clrtext                        000B29  000008  000B31      1652       0  CODE        2
                text26                         000B31  00000C  000B3D      1662       0  CODE        2
                text18                         000B3D  00000C  000B49      167A       0  CODE        2
                text7                          000B49  00000C  000B55      1692       0  CODE        2
                text9                          000B55  00000D  000B62      16AA       0  CODE        2
                text23                         000B62  000015  000B77      16C4       0  CODE        2
                text20                         000B77  000016  000B8D      16EE       0  CODE        2
                text17                         000B8D  000016  000BA3      171A       0  CODE        2
                text25                         000BA3  00001C  000BBF      1746       0  CODE        2
                text6                          000BBF  000020  000BDF      177E       0  CODE        2
                text14                         000BDF  000029  000C08      17BE       0  CODE        2
                text1                          000C08  000030  000C38      1810       0  CODE        2
                text21                         000C38  00003D  000C75      1870       0  CODE        2
                text22                         000C75  00003F  000CB4      18EA       0  CODE        2
                text28                         000CB4  000051  000D05      1968       0  CODE        2
                text12                         000D05  00008C  000D91      1A0A       0  CODE        2
                maintext                       000D91  0000A5  000E36      1B22       0  CODE        2
                text15                         000E36  0001CA  001000      1C6C       0  CODE        2


UNUSED ADDRESS RANGES

        Name                Unused          Largest block    Delta
        BANK1            00D2-00EF             1E           1
        BANK2            0110-016F             60           1
        BANK3            01B0-01EF             40           1
        CODE             0003-0003              1           2
                         07FF-07FF              1
                         082C-0AFF            2D4
                         1000-1FFF            800
        COMMON           007A-007D              4           1
        CONST            0003-0003              1           2
                         07FF-07FF              1
                         082C-0AFF            100
                         1000-1FFF            100
        EEDATA           2100-21FF            100           2
        ENTRY            0003-0003              1           2
                         07FF-07FF              1
                         082C-0AFF            100
                         1000-1FFF            100
        IDLOC            2000-2003              4           2
        RAM              00D2-00EF             1E           1
                         0110-016F             60
                         01B0-01EF             40
        SFR0             0000-001F             20           1
        SFR1             0080-009F             20           1
        SFR2             0100-010F             10           1
        SFR3             0180-018F             10           1
        STRCODE          0003-0003              1           2
                         07FF-07FF              1
                         082C-0AFF            2D4
                         1000-1FFF           1000
        STRING           0003-0003              1           2
                         07FF-07FF              1
                         082C-0AFF            100
                         1000-1FFF            100

                                  Symbol Table

?__Umul8_16                                             cstackCOMMON 0074
?___fladd                                               cstackBANK0  005E
?___fldiv                                               cstackBANK0  0044
?___flmul                                               cstackBANK0  002A
?___fltol                                               cstackBANK1  00C4
?___xxtofl                                              cstackCOMMON 0074
?_strcmp                                                cstackCOMMON 0074
_ADCON1                                                 (abs)        009F
_CMCON                                                  (abs)        009C
_INTCONbits                                             (abs)        000B
_PIE1bits                                               (abs)        008C
_PIR1bits                                               (abs)        000C
_PORTBbits                                              (abs)        0006
_PORTDbits                                              (abs)        0008
_RCREG                                                  (abs)        001A
_RCSTAbits                                              (abs)        0018
_SPBRG                                                  (abs)        0099
_TRISBbits                                              (abs)        0086
_TRISCbits                                              (abs)        0087
_TRISDbits                                              (abs)        0088
_TXREG                                                  (abs)        0019
_TXSTAbits                                              (abs)        0098
__H__absolute__                                         __absolute__ 0000
__Habs1                                                 abs1         0000
__Hbank0                                                bank0        0000
__Hbank1                                                bank1        0000
__Hbank2                                                bank2        0000
__Hbank3                                                bank3        0000
__HbssBANK1                                             bssBANK1     0000
__HbssCOMMON                                            bssCOMMON    0000
__Hcinit                                                cinit        0020
__Hclrtext                                              clrtext      0000
__Hcode                                                 code         0000
__Hcommon                                               common       0000
__Hconfig                                               config       2008
__HcstackBANK0                                          cstackBANK0  0000
__HcstackBANK1                                          cstackBANK1  0000
__HcstackBANK3                                          cstackBANK3  0000
__HcstackCOMMON                                         cstackCOMMON 0000
__Heeprom_data                                          eeprom_data  0000
__Hend_init                                             end_init     0011
__Hfunctab                                              functab      0000
__Hheap                                                 heap         0000
__Hinit                                                 init         000E
__Hintentry                                             intentry     000E
__Hmaintext                                             maintext     0000
__Hpowerup                                              powerup      0000
__Hram                                                  ram          0000
__Hreset_vec                                            reset_vec    0003
__Hsfr0                                                 sfr0         0000
__Hsfr1                                                 sfr1         0000
__Hsfr2                                                 sfr2         0000
__Hsfr3                                                 sfr3         0000
__Hsivt                                                 sivt         000E
__Hspace_0                                              (abs)        1000
__Hspace_1                                              (abs)        01B0
__Hspace_2                                              (abs)        0000
__Hspace_3                                              (abs)        0000
__Hspace_4                                              (abs)        400F
__Hstack                                                stack        0000
__Hstrings                                              strings      0000
__Htext                                                 text         0000
__L__absolute__                                         __absolute__ 0000
__Labs1                                                 abs1         0000
__Lbank0                                                bank0        0000
__Lbank1                                                bank1        0000
__Lbank2                                                bank2        0000
__Lbank3                                                bank3        0000
__LbssBANK1                                             bssBANK1     0000
__LbssCOMMON                                            bssCOMMON    0000
__Lcinit                                                cinit        0011
__Lclrtext                                              clrtext      0000
__Lcode                                                 code         0000
__Lcommon                                               common       0000
__Lconfig                                               config       0000
__LcstackBANK0                                          cstackBANK0  0000
__LcstackBANK1                                          cstackBANK1  0000
__LcstackBANK3                                          cstackBANK3  0000
__LcstackCOMMON                                         cstackCOMMON 0000
__Leeprom_data                                          eeprom_data  0000
__Lend_init                                             end_init     000E
__Lfunctab                                              functab      0000
__Lheap                                                 heap         0000
__Linit                                                 init         000E
__Lintentry                                             intentry     0004
__Lmaintext                                             maintext     0000
__Lpowerup                                              powerup      0000
__Lram                                                  ram          0000
__Lreset_vec                                            reset_vec    0000
__Lsfr0                                                 sfr0         0000
__Lsfr1                                                 sfr1         0000
__Lsfr2                                                 sfr2         0000
__Lsfr3                                                 sfr3         0000
__Lsivt                                                 sivt         000E
__Lspace_0                                              (abs)        0000
__Lspace_1                                              (abs)        0000
__Lspace_2                                              (abs)        0000
__Lspace_3                                              (abs)        0000
__Lspace_4                                              (abs)        0000
__Lstack                                                stack        0000
__Lstrings                                              strings      0000
__Ltext                                                 text         0000
__S0                                                    (abs)        1000
__S1                                                    (abs)        01B0
__S3                                                    (abs)        0000
__Umul8_16                                              text14       0BDF
__Umul8_16@multiplicand                                 cstackCOMMON 0074
__Umul8_16@multiplier                                   cstackBANK0  0024
__Umul8_16@product                                      cstackBANK0  0020
__Umul8_16@word_mpld                                    cstackBANK0  0022
___fladd                                                text16       0362
___fladd@a                                              cstackBANK0  0062
___fladd@aexp                                           cstackBANK1  00C1
___fladd@b                                              cstackBANK0  005E
___fladd@bexp                                           cstackBANK1  00C2
___fladd@grs                                            cstackBANK1  00C3
___fladd@signs                                          cstackBANK1  00C0
___fldiv                                                text15       0E36
___fldiv@a                                              cstackBANK0  0044
___fldiv@aexp                                           cstackBANK0  005D
___fldiv@b                                              cstackBANK0  0048
___fldiv@bexp                                           cstackBANK0  005C
___fldiv@grs                                            cstackBANK0  0058
___fldiv@new_exp                                        cstackBANK0  0056
___fldiv@rem                                            cstackBANK0  0051
___fldiv@sign                                           cstackBANK0  0055
___flmul                                                text13       0020
___flmul@a                                              cstackBANK0  002E
___flmul@aexp                                           cstackBANK0  0038
___flmul@b                                              cstackBANK0  002A
___flmul@bexp                                           cstackBANK0  003D
___flmul@grs                                            cstackBANK0  0039
___flmul@prod                                           cstackBANK0  003E
___flmul@sign                                           cstackBANK0  0037
___flmul@temp                                           cstackBANK0  0042
___fltol                                                text12       0D05
___fltol@exp1                                           cstackBANK0  006F
___fltol@f1                                             cstackBANK1  00C4
___fltol@sign1                                          cstackBANK0  006E
___heap_hi                                              (abs)        0000
___heap_lo                                              (abs)        0000
___int_sp                                               stack        0000
___int_stack_hi                                         stack        0000
___int_stack_lo                                         stack        0000
___latbits                                              (abs)        0002
___sp                                                   stack        0000
___stack_hi                                             stack        0000
___stack_lo                                             stack        0000
___stackhi                                              (abs)        0000
___stacklo                                              (abs)        0000
___xxtofl                                               text11       0710
___xxtofl@arg                                           cstackBANK0  0026
___xxtofl@exp                                           cstackBANK0  0025
___xxtofl@sign                                          cstackBANK0  0024
___xxtofl@val                                           cstackCOMMON 0074
__end_of__Umul8_16                                      text14       0C08
__end_of___fladd                                        text16       0652
__end_of___fldiv                                        text15       1000
__end_of___flmul                                        text13       0362
__end_of___fltol                                        text12       0D91
__end_of___xxtofl                                       text11       07C6
__end_of__initialization                                cinit        001C
__end_of__stringtab                                     strings      0806
__end_of_comunicar_esp32_comando_recebido_disponivel    text27       0B02
__end_of_comunicar_esp32_enviar_byte                    text26       0B3D
__end_of_comunicar_esp32_enviar_string                  text25       0BBF
__end_of_comunicar_esp32_inicializar_usart              text10       0710
__end_of_comunicar_esp32_ler_comando_recebido           text24       07FF
__end_of_delay_ms_variavel                              text23       0B77
__end_of_feedback_buzzer_controlar                      text22       0CB4
__end_of_feedback_buzzer_parar                          text19       0B06
__end_of_feedback_indicar_comunicacao_uart              text20       0B8D
__end_of_feedback_indicar_movimento_andamento           text18       0B49
__end_of_feedback_indicar_sistema_pronto                text17       0BA3
__end_of_feedback_inicializar                           text9        0B62
__end_of_feedback_led_rgb_definir_cor                   text21       0C75
__end_of_inicializar_motor                              text7        0B55
__end_of_inicializar_sistema                            text6        0BDF
__end_of_main                                           maintext     0E36
__end_of_motores_frente                                 text5        0B14
__end_of_motores_parar_freio                            text8        0B0D
__end_of_motores_re                                     text4        0B1B
__end_of_motores_virar_direita                          text3        0B22
__end_of_motores_virar_esquerda                         text2        0B29
__end_of_strcmp                                         text1        0C38
__end_of_usart_isr                                      text28       0D05
__initialization                                        cinit        0011
__pbssBANK1                                             bssBANK1     00A0
__pbssCOMMON                                            bssCOMMON    0078
__pcstackBANK0                                          cstackBANK0  0020
__pcstackBANK1                                          cstackBANK1  00C0
__pcstackBANK3                                          cstackBANK3  0190
__pcstackCOMMON                                         cstackCOMMON 0070
__pintentry                                             intentry     0004
__pmaintext                                             maintext     0D91
__pstrings                                              strings      0800
__ptext1                                                text1        0C08
__ptext10                                               text10       0652
__ptext11                                               text11       0710
__ptext12                                               text12       0D05
__ptext13                                               text13       0020
__ptext14                                               text14       0BDF
__ptext15                                               text15       0E36
__ptext16                                               text16       0362
__ptext17                                               text17       0B8D
__ptext18                                               text18       0B3D
__ptext19                                               text19       0B02
__ptext2                                                text2        0B22
__ptext20                                               text20       0B77
__ptext21                                               text21       0C38
__ptext22                                               text22       0C75
__ptext23                                               text23       0B62
__ptext24                                               text24       07C6
__ptext25                                               text25       0BA3
__ptext26                                               text26       0B31
__ptext27                                               text27       0B00
__ptext28                                               text28       0CB4
__ptext3                                                text3        0B1B
__ptext4                                                text4        0B14
__ptext5                                                text5        0B0D
__ptext6                                                text6        0BBF
__ptext7                                                text7        0B49
__ptext8                                                text8        0B06
__ptext9                                                text9        0B55
__stringbase                                            strings      0805
__stringtab                                             strings      0800
_buffer_rx_usart                                        bssBANK1     00A0
_comunicar_esp32_comando_recebido_disponivel            text27       0B00
_comunicar_esp32_enviar_byte                            text26       0B31
_comunicar_esp32_enviar_string                          text25       0BA3
_comunicar_esp32_inicializar_usart                      text10       0652
_comunicar_esp32_ler_comando_recebido                   text24       07C6
_delay_ms_variavel                                      text23       0B62
_feedback_buzzer_controlar                              text22       0C75
_feedback_buzzer_parar                                  text19       0B02
_feedback_indicar_comunicacao_uart                      text20       0B77
_feedback_indicar_movimento_andamento                   text18       0B3D
_feedback_indicar_sistema_pronto                        text17       0B8D
_feedback_inicializar                                   text9        0B55
_feedback_led_rgb_definir_cor                           text21       0C38
_flag_comando_disponivel                                bssCOMMON    0078
_indice_buffer_rx_usart                                 bssCOMMON    0079
_inicializar_motor                                      text7        0B49
_inicializar_sistema                                    text6        0BBF
_main                                                   maintext     0D91
_motores_frente                                         text5        0B0D
_motores_parar_freio                                    text8        0B06
_motores_re                                             text4        0B14
_motores_virar_direita                                  text3        0B1B
_motores_virar_esquerda                                 text2        0B22
_strcmp                                                 text1        0C08
_usart_isr                                              text28       0CB4
btemp                                                   (abs)        007E
clear_ram0                                              clrtext      0B29
comunicar_esp32_enviar_byte@dado                        cstackCOMMON 0074
comunicar_esp32_enviar_string@str                       cstackCOMMON 0075
comunicar_esp32_inicializar_usart@baud_rate             cstackBANK1  00CC
comunicar_esp32_inicializar_usart@spbrg_valor_calc      cstackBANK1  00D0
comunicar_esp32_ler_comando_recebido@buffer_destino     cstackCOMMON 0074
comunicar_esp32_ler_comando_recebido@i                  cstackBANK0  0021
comunicar_esp32_ler_comando_recebido@tamanho_comando    cstackBANK0  0020
comunicar_esp32_ler_comando_recebido@tamanho_max_buffer cstackCOMMON 0075
delay_ms_variavel@milissegundos                         cstackCOMMON 0074
end_of_initialization                                   cinit        001C
feedback_buzzer_controlar@duracao_ms_off                cstackBANK0  0022
feedback_buzzer_controlar@duracao_ms_on                 cstackBANK0  0020
feedback_buzzer_controlar@off_duration                  cstackBANK0  0027
feedback_buzzer_controlar@padrao                        cstackBANK0  0029
feedback_buzzer_controlar@repeticoes                    cstackBANK0  0024
feedback_led_rgb_definir_cor@cor                        cstackCOMMON 0076
interrupt_function                                      intentry     0004
intlevel0                                               functab      0000
intlevel1                                               functab      0000
intlevel2                                               functab      0000
intlevel3                                               functab      0000
intlevel4                                               functab      0000
intlevel5                                               functab      0000
main@comando_recebido                                   cstackBANK3  0190
reset_vec                                               reset_vec    0000
saved_w                                                 (abs)        007E
start                                                   init         000E
start_initialization                                    cinit        0011
strcmp@l                                                cstackCOMMON 0074
strcmp@r                                                cstackCOMMON 0075
usart_isr@byte_recebido                                 cstackCOMMON 0073
wtemp0                                                  (abs)        007E


MODULE INFORMATION

Module		Function		Class		Link	Load	Size
feedback_robo.c
		_delay_ms_variavel		CODE           	0B62	0000	21
		_feedback_indicar_movimento_andamento		CODE           	0B3D	0000	12
		_feedback_led_rgb_definir_cor		CODE           	0C38	0000	61
		_feedback_inicializar		CODE           	0B55	0000	13
		_feedback_indicar_comunicacao_uart		CODE           	0B77	0000	22
		_feedback_buzzer_parar		CODE           	0B02	0000	4
		_feedback_indicar_sistema_pronto		CODE           	0B8D	0000	22
		_feedback_buzzer_controlar		CODE           	0C75	0000	63

feedback_robo.c estimated size: 218

controle_motor.c
		_motores_virar_esquerda		CODE           	0B22	0000	7
		_motores_virar_direita		CODE           	0B1B	0000	7
		_motores_re    		CODE           	0B14	0000	7
		_inicializar_motor		CODE           	0B49	0000	12
		_motores_parar_freio		CODE           	0B06	0000	7
		_motores_frente		CODE           	0B0D	0000	7

controle_motor.c estimated size: 47

C:\Program Files\Microchip\xc8\v3.00\pic\sources\c99\common\sprcmul.c
		___flmul       		CODE           	0020	0000	834

C:\Program Files\Microchip\xc8\v3.00\pic\sources\c99\common\sprcmul.c estimated size: 834

C:\Program Files\Microchip\xc8\v3.00\pic\sources\c99\common\sprcdiv.c
		___fldiv       		CODE           	0E36	0000	458

C:\Program Files\Microchip\xc8\v3.00\pic\sources\c99\common\sprcdiv.c estimated size: 458

shared
		__stringtab    		STRING         	0800	0000	6
		__initialization		CODE           	0011	0000	11

shared estimated size: 17

C:\Program Files\Microchip\xc8\v3.00\pic\sources\c99\common\xxtofl.c
		___xxtofl      		CODE           	0710	0000	182

C:\Program Files\Microchip\xc8\v3.00\pic\sources\c99\common\xxtofl.c estimated size: 182

C:\Program Files\Microchip\xc8\v3.00\pic\sources\c99\common\strcmp.c
		_strcmp        		CODE           	0C08	0000	48

C:\Program Files\Microchip\xc8\v3.00\pic\sources\c99\common\strcmp.c estimated size: 48

comunicar_esp32.c
		_comunicar_esp32_enviar_byte		CODE           	0B31	0000	12
		_comunicar_esp32_ler_comando_recebido		CODE           	07C6	0000	57
		_comunicar_esp32_enviar_string		CODE           	0BA3	0000	28
		_comunicar_esp32_comando_recebido_disponivel		CODE           	0B00	0000	2
		_usart_isr     		CODE           	0CB4	0000	81
		_comunicar_esp32_inicializar_usart		CODE           	0652	0000	190

comunicar_esp32.c estimated size: 370

C:\Program Files\Microchip\xc8\v3.00\pic\sources\c99\common\fltol.c
		___fltol       		CODE           	0D05	0000	140

C:\Program Files\Microchip\xc8\v3.00\pic\sources\c99\common\fltol.c estimated size: 140

main.c
		_inicializar_sistema		CODE           	0BBF	0000	32
		_main          		CODE           	0D91	0000	165

main.c estimated size: 197

C:\Program Files\Microchip\xc8\v3.00\pic\sources\c99\common\sprcadd.c
		___fladd       		CODE           	0362	0000	752

C:\Program Files\Microchip\xc8\v3.00\pic\sources\c99\common\sprcadd.c estimated size: 752

C:\Program Files\Microchip\xc8\v3.00\pic\sources\c99\common\Umul8_16.c
		__Umul8_16     		CODE           	0BDF	0000	41

C:\Program Files\Microchip\xc8\v3.00\pic\sources\c99\common\Umul8_16.c estimated size: 41

